---
source: crates/core/src/engine/edge_tests.rs
expression: view(&p)
---
- - Remove the challenge rule from app.xyz.com
  - Remove the blocking rule from app.xyz.com
  - Remove the request header rule from app.xyz.com
  - Remove the response header rule from app.xyz.com
- - type: edgeQuota
    quota: custom
    zone: xyz.com
    used: 1
    limit: 20
  - type: edgeQuota
    quota: transform
    zone: xyz.com
    used: 0
    limit: 25
